TensorFlow Android demo crashes on start

I installed the TensorFlow on my mac and tried the Android demo. It is confusing that it's all fine with compiling to .apk, but the application crashes as soon as it starts on my Nexus5 cellphone.
Environment info
Operating System: Mac OS X
Android SDK: 24.0.0
Android NDK: r10e (will encounter problems when building with bazel if using latest v12)
Bazel: 0.1.4
Cellphone OS: Android 6
I tried using adb to install the application, and everything seems perfectly fine until I launched the application. Before that, I have already checked that the camera permission is fine. As soon as I open the application, it will immediately crash. I grabbed the log from my device. Besides, I also compared the log with those generated by a successfully running demo. The main difference starts from:
07-14 14:00:46.044  2754  2754 E tensorflow: CameraConnectionFragment: Couldn't find any suitable preview size
Could anyone help me on finding out what cause this problem? The complete log is attached below.
Logs or other output that would be helpful
07-14 14:00:45.722   773  1502 I ActivityManager: START u0 {act=android.intent.action.MAIN cat=[android.intent.category.LAUNCHER] flg=0x10200000 cmp=org.tensorflow.demo/.CameraActivity (has extras)} from uid 10022 on display 0
07-14 14:00:45.735   202   811 D audio_hw_primary: out_set_parameters: enter: usecase(1: low-latency-playback) kvpairs: routing=2
07-14 14:00:45.767   202   811 D AudioFlinger: mixer(0xb4100000) throttle end: throttle time(9)
07-14 14:00:45.767  2754  2754 I art     : Late-enabling -Xcheck:jni
07-14 14:00:45.768   773   947 I ActivityManager: Start proc 2754:org.tensorflow.demo/u0a84 for activity org.tensorflow.demo/.CameraActivity
07-14 14:00:45.800  2734  2734 W System  : ClassLoader referenced unknown path: /system/priv-app/MediaProvider/lib/arm
07-14 14:00:45.815  2734  2734 W System  : ClassLoader referenced unknown path: /system/priv-app/DownloadProvider/lib/arm
07-14 14:00:45.858  2754  2754 W linker  : /data/app/org.tensorflow.demo-1/lib/arm/libtensorflow_demo.so: unused DT entry: type 0x1d arg 0x10ff60a
07-14 14:00:45.871  1146  1929 D GCM     : GcmService start Intent { act=com.google.android.checkin.CHECKIN_COMPLETE flg=0x10 cmp=com.google.android.gms/.gcm.GcmService (has extras) } com.google.android.checkin.CHECKIN_COMPLETE
07-14 14:00:45.875  1566  1566 D ChimeraCfgMgr: Loading module com.google.android.gms.kids from APK com.google.android.gms
07-14 14:00:45.876  1566  1566 I Kids    : [GCoreUtils] Current gmscore version, 8186438 is smaller than the required version 8400000
07-14 14:00:45.907  1385  1385 V UserPresentBroadcastReceiver: Received Intent { act=android.intent.action.USER_PRESENT flg=0x24000010 cmp=com.google.android.gms/.auth.trustagent.UserPresentBroadcastReceiver }.
07-14 14:00:45.937  2754  2788 D OpenGLRenderer: Use EGL_SWAP_BEHAVIOR_PRESERVED: true
07-14 14:00:45.979  1408  1408 W LocationOracleImpl: Not started: ignore location
07-14 14:00:45.981  1408  1408 E LocationReceiver: Received bad location: null
07-14 14:00:45.984  1408  1408 E LocationReceiver: Received bad location: null
07-14 14:00:45.990  2754  2788 I Adreno-EGL: <qeglDrvAPI_eglInitialize:379>: QUALCOMM Build: 10/21/15, 369a2ea, I96aee987eb
07-14 14:00:45.994  2754  2788 I OpenGLRenderer: Initialized EGL, version 1.4
07-14 14:00:46.025  1258  1258 I Keyboard.Facilitator: onFinishInput()
07-14 14:00:46.026  2754  2754 I CameraManagerGlobal: Connecting to camera service
07-14 14:00:46.043  2754  2754 I tensorflow: CameraConnectionFragment: Not adding size: 3264x2448
07-14 14:00:46.043  2754  2754 I tensorflow: CameraConnectionFragment: Not adding size: 3200x2400
07-14 14:00:46.043  2754  2754 I tensorflow: CameraConnectionFragment: Not adding size: 2592x1944
07-14 14:00:46.043  2754  2754 I tensorflow: CameraConnectionFragment: Not adding size: 2048x1536
07-14 14:00:46.043  2754  2754 I tensorflow: CameraConnectionFragment: Not adding size: 1920x1080
07-14 14:00:46.043  2754  2754 I tensorflow: CameraConnectionFragment: Not adding size: 1600x1200
07-14 14:00:46.043  2754  2754 I tensorflow: CameraConnectionFragment: Not adding size: 1280x960
07-14 14:00:46.043  2754  2754 I tensorflow: CameraConnectionFragment: Not adding size: 1280x768
07-14 14:00:46.043  2754  2754 I tensorflow: CameraConnectionFragment: Not adding size: 1280x720
07-14 14:00:46.043  2754  2754 I tensorflow: CameraConnectionFragment: Not adding size: 1024x768
07-14 14:00:46.043  2754  2754 I tensorflow: CameraConnectionFragment: Not adding size: 800x600
07-14 14:00:46.043  2754  2754 I tensorflow: CameraConnectionFragment: Not adding size: 800x480
07-14 14:00:46.043  2754  2754 I tensorflow: CameraConnectionFragment: Not adding size: 720x480
07-14 14:00:46.043  2754  2754 I tensorflow: CameraConnectionFragment: Not adding size: 640x480
07-14 14:00:46.043  2754  2754 I tensorflow: CameraConnectionFragment: Not adding size: 352x288
07-14 14:00:46.043  2754  2754 I tensorflow: CameraConnectionFragment: Not adding size: 320x240
07-14 14:00:46.044  2754  2754 I tensorflow: CameraConnectionFragment: Not adding size: 176x144
07-14 14:00:46.044  2754  2754 E tensorflow: CameraConnectionFragment: Couldn't find any suitable preview size
07-14 14:00:46.049   202   887 I CameraService: CameraService::connect call (PID 2754 "org.tensorflow.demo", camera ID 0) for HAL version default and Camera API version 2
07-14 14:00:46.052   202   887 I CameraService: onTorchStatusChangedLocked: Torch status changed for cameraId=0, newStatus=0
07-14 14:00:46.052   202   887 I Camera2ClientBase: Camera 0: Opened. Client: org.tensorflow.demo (PID 2754, UID 10084)
07-14 14:00:46.052   202   887 I CameraDeviceClient: CameraDeviceClient 0: Opened
07-14 14:00:46.057   202   887 D mm-camera-intf: mm_camera_open: dev name = /dev/video1, cam_idx = 1
07-14 14:00:46.061   217   217 I mm-camera-sensor: module_sensor_start_session:584 session 1
07-14 14:00:46.074  2696  2732 I MediaStoreImporter: Update: incremental Added music: 0 Updated music: 0 Deleted music: 0 Created playlists: 0 Updated playlists: 0 Deleted playlists: 0 Inserted playlist items: 0 Deleted playlist items: 0 Removed orphaned playlist items: 0
07-14 14:00:46.075  2696  2696 D MusicLifecycle: com.google.android.music.store.MediaStoreImportService generated event: Service destroyed
07-14 14:00:46.076   773  1275 I ActivityManager: Killing 2280:com.google.android.configupdater/u0a27 (adj 15): empty #17
07-14 14:00:46.102   217   217 I mm-camera: gyro_module_start_session: Enter
07-14 14:00:46.102   217   217 I mm-camera: gyro_module_start_session: Init DSPS
07-14 14:00:46.103   217   217 E mm-camera: Failed to open sensor1 port
07-14 14:00:46.103   217   217 I mm-camera: gyro_module_start_session: dsps_proc_init() failed
07-14 14:00:46.103   217   217 I mm-camera: gyro_module_get_port: Exit failure
07-14 14:00:46.103   217   217 I mm-camera: cpp_module_start_session:352, info: starting session 1
07-14 14:00:46.113   773  1275 I ActivityManager: Killing 2255:com.google.android.apps.gcs/u0a25 (adj 15): empty #18
07-14 14:00:46.122   217  2793 I mm-camera: cpp_thread_func:55: cpp_thread entering the polling loop...
07-14 14:00:46.122   217   217 I mm-camera: cpp_module_start_session:433, info: cpp_thread created.
07-14 14:00:46.122   217   217 I mm-camera: cpp_module_start_session:436, info: session 1 started.
07-14 14:00:46.122   217   217 I mm-camera: c2d_module_start_session:246, info: starting session 1
07-14 14:00:46.122   217   217 I mm-camera: c2d_module_start_session:284, info: c2d_thread created.
07-14 14:00:46.122   217  2794 I mm-camera: c2d_thread_func:39: c2d_thread entering the polling loop...
07-14 14:00:46.124   217   217 I mm-camera: c2d_module_start_session:306, info: session 1 started.
07-14 14:00:46.125   217   217 I mm-camera-sensor: module_module_set_session_data:2667 max delay 2 report dSelay 1
07-14 14:00:46.125   217   217 D mm-camera: module_faceproc_set_session_data:1987] Per frame control 2 1
07-14 14:00:46.125   202   887 D mm-camera-intf: mm_camera_open:  opened, break out while loop
07-14 14:00:46.125  1872  1878 E ANDR-PERF-LOCK: Failed to apply optimization for resource: 4 level: 0
07-14 14:00:46.131  2754  2786 I tensorflow: CameraConnectionFragment: Opening camera preview: 3264x2448
07-14 14:00:46.139   202   887 W CameraDeviceClient: createStream: Camera 0: Forcing asynchronous mode for stream
07-14 14:00:46.139   202   887 W CameraDeviceClient: createStream: Camera 0: Overriding format 0x1 to IMPLEMENTATION_DEFINED
07-14 14:00:46.140   202  2542 E CameraDeviceClient: createStream: bufferProducer must not be null
--------- beginning of crash
07-14 14:00:46.141  2754  2786 E AndroidRuntime: FATAL EXCEPTION: CameraBackground
07-14 14:00:46.141  2754  2786 E AndroidRuntime: Process: org.tensorflow.demo, PID: 2754
07-14 14:00:46.141  2754  2786 E AndroidRuntime: java.lang.IllegalArgumentException: Bad argument passed to camera service
07-14 14:00:46.141  2754  2786 E AndroidRuntime:    at android.hardware.camera2.utils.CameraBinderDecorator.throwOnError(CameraBinderDecorator.java:114)
07-14 14:00:46.141  2754  2786 E AndroidRuntime:    at android.hardware.camera2.utils.CameraBinderDecorator$CameraBinderDecoratorListener.onAfterInvocation(CameraBinderDecorator.java:73)
07-14 14:00:46.141  2754  2786 E AndroidRuntime:    at android.hardware.camera2.utils.Decorator.invoke(Decorator.java:81)
07-14 14:00:46.141  2754  2786 E AndroidRuntime:    at java.lang.reflect.Proxy.invoke(Proxy.java:393)
07-14 14:00:46.141  2754  2786 E AndroidRuntime:    at $Proxy1.createStream(Unknown Source)
07-14 14:00:46.141  2754  2786 E AndroidRuntime:    at android.hardware.camera2.impl.CameraDeviceImpl.configureStreamsChecked(CameraDeviceImpl.java:429)
07-14 14:00:46.141  2754  2786 E AndroidRuntime:    at android.hardware.camera2.impl.CameraDeviceImpl.createCaptureSessionInternal(CameraDeviceImpl.java:561)
07-14 14:00:46.141  2754  2786 E AndroidRuntime:    at android.hardware.camera2.impl.CameraDeviceImpl.createCaptureSession(CameraDeviceImpl.java:476)
07-14 14:00:46.141  2754  2786 E AndroidRuntime:    at org.tensorflow.demo.CameraConnectionFragment.createCameraPreviewSession(CameraConnectionFragment.java:471)
07-14 14:00:46.141  2754  2786 E AndroidRuntime:    at org.tensorflow.demo.CameraConnectionFragment.access$400(CameraConnectionFragment.java:63)
07-14 14:00:46.141  2754  2786 E AndroidRuntime:    at org.tensorflow.demo.CameraConnectionFragment$2.onOpened(CameraConnectionFragment.java:144)
07-14 14:00:46.141  2754  2786 E AndroidRuntime:    at android.hardware.camera2.impl.CameraDeviceImpl$1.run(CameraDeviceImpl.java:134)
07-14 14:00:46.141  2754  2786 E AndroidRuntime:    at android.os.Handler.handleCallback(Handler.java:739)
07-14 14:00:46.141  2754  2786 E AndroidRuntime:    at android.os.Handler.dispatchMessage(Handler.java:95)
07-14 14:00:46.141  2754  2786 E AndroidRuntime:    at android.os.Looper.loop(Looper.java:148)
07-14 14:00:46.141  2754  2786 E AndroidRuntime:    at android.os.HandlerThread.run(HandlerThread.java:61)
07-14 14:00:46.159   773   792 I ActivityManager: Displayed org.tensorflow.demo/.CameraActivity: +404ms
07-14 14:00:46.162   773  1503 W ActivityManager:   Force finishing activity org.tensorflow.demo/.CameraActivity